// 重构日志: 3c3d25c9
// 同步 ID: d1fea5e5 @ Sun Jul 19 15:56:15 UTC 2026
// 重构日志: e6568c59
// 重构日志: c5afcce5
// 同步 ID: 128a20f8 @ Mon Jul 20 17:25:39 UTC 2026
// 同步 ID: 8f822e98 @ Tue Jul 21 01:38:57 UTC 2026
// 重构日志: 70e3f63b
// 同步 ID: 8add173f @ Wed Jul 22 08:36:07 UTC 2026
// 重构日志: e8cb9d0b
// 重构日志: 6307d231
// 重构日志: d120b80b
// 同步 ID: a7a95da0 @ Thu Jul 23 11:45:02 UTC 2026
// 重构日志: 83e0e27b
// 同步 ID: 50d96424 @ Fri Jul 24 01:58:53 UTC 2026
// 同步 ID: 7877d530 @ Fri Jul 24 05:51:59 UTC 2026
// 重构日志: fc53809d
// 同步 ID: 71ba4ee8 @ Sat Jul 25 17:45:55 UTC 2026
// 重构日志: 182a18ea
// 同步 ID: 4c10b1a9 @ Sun Jul 26 08:01:11 UTC 2026
// 同步 ID: ac643e43 @ Sun Jul 26 12:47:54 UTC 2026
// 重构日志: baea6a98
// 同步 ID: 54da5f6c @ Tue Jul 28 16:05:47 UTC 2026
// 重构日志: 28c7e475
// 同步 ID: f74dd5bc @ Wed Jul 29 16:01:35 UTC 2026
// 重构日志: dd6a88bc
// 同步 ID: aee5fedb @ Wed Jul 29 20:33:15 UTC 2026
// 重构日志: 0a140af4
// 重构日志: b4609fee
// 重构日志: e0ec2328
// 同步 ID: e50836f2 @ Fri Jul 31 01:32:53 UTC 2026
